// Jest Snapshot v1, https://goo.gl/fbAQLP

exports[`check if the calculator renders properly 1`] = `
<div
  className="layout"
>
  <h2
    className="calc-title"
  >
    Let's do some Math!
  </h2>
  <div
    className="container"
  >
    <div
      className="result-display"
    >
      0
    </div>
    <div
      className="calc-buttons"
    >
      <button
        className="calc-button"
        onClick={[Function]}
        type="button"
      >
        AC
      </button>
      <button
        className="calc-button"
        onClick={[Function]}
        type="button"
      >
        +/-
      </button>
      <button
        className="calc-button"
        onClick={[Function]}
        type="button"
      >
        %
      </button>
      <button
        className="calc-button-right"
        onClick={[Function]}
        type="button"
      >
        รท
      </button>
      <button
        className="calc-button"
        onClick={[Function]}
        type="button"
      >
        7
      </button>
      <button
        className="calc-button"
        onClick={[Function]}
        type="button"
      >
        8
      </button>
      <button
        className="calc-button"
        onClick={[Function]}
        type="button"
      >
        9
      </button>
      <button
        className="calc-button-right"
        onClick={[Function]}
        type="button"
      >
        x
      </button>
      <button
        className="calc-button"
        onClick={[Function]}
        type="button"
      >
        4
      </button>
      <button
        className="calc-button"
        onClick={[Function]}
        type="button"
      >
        5
      </button>
      <button
        className="calc-button"
        onClick={[Function]}
        type="button"
      >
        6
      </button>
      <button
        className="calc-button-right"
        onClick={[Function]}
        type="button"
      >
        -
      </button>
      <button
        className="calc-button"
        onClick={[Function]}
        type="button"
      >
        1
      </button>
      <button
        className="calc-button"
        onClick={[Function]}
        type="button"
      >
        2
      </button>
      <button
        className="calc-button"
        onClick={[Function]}
        type="button"
      >
        3
      </button>
      <button
        className="calc-button-right"
        onClick={[Function]}
        type="button"
      >
        +
      </button>
      <button
        className="calc-button-zero"
        onClick={[Function]}
        type="button"
      >
        0
      </button>
      <button
        className="calc-button"
        onClick={[Function]}
        type="button"
      >
        .
      </button>
      <button
        className="calc-button-right"
        onClick={[Function]}
        type="button"
      >
        =
      </button>
    </div>
  </div>
</div>
`;
